curl -i -X POST localhost:18000/register -d '{"name": "hoge", "password": "test", "role":"user"}'
